Microchip MPLAB XC8 Compiler V2.45

Linker command line:

-W-3 \
  --edf=C:\Program Files\Microchip\xc8\v2.45\pic\dat\20230818022343_en.msgs \
  -cn -h+dist/default/debug\code.debug.sym \
  --cmf=dist/default/debug\code.debug.cmf -z -Q18F25K80 \
  -oC:\Users\e2242786\AppData\Local\Temp\xcAs470.\driver_tmp_3.o \
  --defsym=__MPLAB_BUILD=1 --fixupoverflow=error \
  -Mdist/default/debug/code.debug.map \
  --md=C:\Users\e2242786\AppData\Local\Temp\xcAs470.\driver_tmp_0.dat -E1 \
  -ver=XC8 Compiler --acfsm=1493 -ACODE=00h-07FFFh -ACONST=00h-07FFFh \
  -ASMALLCONST=0F00h-0FFFhx113 -AMEDIUMCONST=0F00h-07FFFh -ACOMRAM=01h-05Fh \
  -AABS1=00h-0E40h -ABIGRAM=01h-0E40h \
  -ARAM=060h-0FFh,0100h-01FFhx13,0E00h-0E40h -ABANK0=060h-0FFh \
  -ABANK1=0100h-01FFh -ABANK2=0200h-02FFh -ABANK3=0300h-03FFh \
  -ABANK4=0400h-04FFh -ABANK5=0500h-05FFh -ABANK6=0600h-06FFh \
  -ABANK7=0700h-07FFh -ABANK8=0800h-08FFh -ABANK9=0900h-09FFh \
  -ABANK10=0A00h-0AFFh -ABANK11=0B00h-0BFFh -ABANK12=0C00h-0CFFh \
  -ABANK13=0D00h-0DFFh -ABANK14=0E00h-0E40h \
  -ASFR=0E41h-0EFFh,0F00h-0F5Fh,0F60h-0FFFh -ABIGSFR=0E41h-0FFFh \
  -ACONFIG=0300000h-030000Dh -AIDLOC=0200000h-0200007h \
  -AEEDATA=0F00000h-0F003FFh -peeprom_data=EEDATA \
  -preset_vec=00h,intcode,intcodelo,powerup,init -pramtop=0F00h \
  -psmallconst=SMALLCONST -pmediumconst=MEDIUMCONST -pconst=CONST \
  -AFARRAM=00h-00h \
  -prdata=COMRAM,nvrram=COMRAM,nvbit=COMRAM,rbss=COMRAM,rbit=COMRAM \
  -pfarbss=FARRAM,fardata=FARRAM,nvFARRAM=FARRAM \
  -pintsave_regs=BIGRAM,bigbss=BIGRAM,bigdata=BIGRAM -pbss=RAM \
  -pidata=CODE,irdata=CODE,ibigdata=CODE,ifardata=CODE -prparam=COMRAM \
  C:\Users\e2242786\AppData\Local\Temp\xcAs470.\driver_tmp_9.o \
  dist/default/debug\code.debug.o 

Object code version is 3.11

Machine type is 18F25K80



                Name                               Link     Load   Length Selector   Space Scale
C:\Users\e2242786\AppData\Local\Temp\xcAs470.\driver_tmp_9.o
                idloc                            200000   200000        8        0       5
                config                           300000   300000        E        0       4
                init                                  0        0        4        0       0
dist/default/debug\code.debug.o
                idloc                            200000   200000        8        0       5
                config                           300000   300000        E        0       4
                smallconst                          F00      F00       22      780       0
                text53                             174E     174E        4      791       0
                text52                             174A     174A        4      791       0
                text51                             1746     1746        4      791       0
                text50                             155E     155E       2A      791       0
                text49                             1742     1742        4      791       0
                text48                             173E     173E        4      791       0
                text47                             173A     173A        4      791       0
                text46                             15D2     15D2       22      791       0
                text45                             1328     1328       66      791       0
                text44                             1610     1610       18      791       0
                text43                             1532     1532       2C      791       0
                text42                             1506     1506       2C      791       0
                text41                             14DA     14DA       2C      791       0
                text40                             14AE     14AE       2C      791       0
                text39                             142E     142E       42      791       0
                text38                             1736     1736        4      791       0
                text37                             1732     1732        4      791       0
                text36                             172E     172E        4      791       0
                text35                             1720     1720        6      791       0
                text34                             172A     172A        4      791       0
                text33                             171A     171A        6      791       0
                text32                             1712     1712        8      791       0
                text31                             163E     163E       14      791       0
                text30                             1726     1726        4      791       0
                text29                             1242     1242       7C      791       0
                text28                             16D0     16D0        A      791       0
                text27                             1690     1690        E      791       0
                text26                             1682     1682        E      791       0
                text25                             104C     104C       C4      791       0
                text24                             1110     1110       A6      791       0
                text23                             16C6     16C6        A      791       0
                text22                             170A     170A        8      791       0
                text21                             1702     1702        8      791       0
                text20                             16FA     16FA        8      791       0
                text19                             16F2     16F2        8      791       0
                text18                             16EA     16EA        8      791       0
                text17                             16E2     16E2        8      791       0
                text16                             16DA     16DA        8      791       0
                text15                             16BC     16BC        A      791       0
                text14                             12BE     12BE       6A      791       0
                text13                             138E     138E       5E      791       0
                text12                             1664     1664       10      791       0
                text11                             15F4     15F4       1C      791       0
                text10                             13EC     13EC       42      791       0
                text9                              15B0     15B0       22      791       0
                text8                              11B6     11B6       8C      791       0
                text7                              16B2     16B2        A      791       0
                text6                              16A8     16A8        A      791       0
                text5                              169E     169E        A      791       0
                text4                              1470     1470       3E      791       0
                text3                              1652     1652       12      791       0
                text2                              1588     1588       28      791       0
                text1                              1674     1674        E      791       0
                text0                               F22      F22      12A      791       0
                cstackCOMRAM                          1        1       2B        1       1
                bssCOMRAM                            2C       2C       25        1       1
                cinit                              1628     1628       16      791       0
                nvCOMRAM                             51       51        6        1       1

TOTAL           Name                               Link     Load   Length     Space
        CLASS   CODE           
                init                                  0        0        4         0
                text53                             174E     174E        4         0
                text52                             174A     174A        4         0
                text51                             1746     1746        4         0
                text50                             155E     155E       2A         0
                text49                             1742     1742        4         0
                text48                             173E     173E        4         0
                text47                             173A     173A        4         0
                text46                             15D2     15D2       22         0
                text45                             1328     1328       66         0
                text44                             1610     1610       18         0
                text43                             1532     1532       2C         0
                text42                             1506     1506       2C         0
                text41                             14DA     14DA       2C         0
                text40                             14AE     14AE       2C         0
                text39                             142E     142E       42         0
                text38                             1736     1736        4         0
                text37                             1732     1732        4         0
                text36                             172E     172E        4         0
                text35                             1720     1720        6         0
                text34                             172A     172A        4         0
                text33                             171A     171A        6         0
                text32                             1712     1712        8         0
                text31                             163E     163E       14         0
                text30                             1726     1726        4         0
                text29                             1242     1242       7C         0
                text28                             16D0     16D0        A         0
                text27                             1690     1690        E         0
                text26                             1682     1682        E         0
                text25                             104C     104C       C4         0
                text24                             1110     1110       A6         0
                text23                             16C6     16C6        A         0
                text22                             170A     170A        8         0
                text21                             1702     1702        8         0
                text20                             16FA     16FA        8         0
                text19                             16F2     16F2        8         0
                text18                             16EA     16EA        8         0
                text17                             16E2     16E2        8         0
                text16                             16DA     16DA        8         0
                text15                             16BC     16BC        A         0
                text14                             12BE     12BE       6A         0
                text13                             138E     138E       5E         0
                text12                             1664     1664       10         0
                text11                             15F4     15F4       1C         0
                text10                             13EC     13EC       42         0
                text9                              15B0     15B0       22         0
                text8                              11B6     11B6       8C         0
                text7                              16B2     16B2        A         0
                text6                              16A8     16A8        A         0
                text5                              169E     169E        A         0
                text4                              1470     1470       3E         0
                text3                              1652     1652       12         0
                text2                              1588     1588       28         0
                text1                              1674     1674        E         0
                text0                               F22      F22      12A         0
                cinit                              1628     1628       16         0

        CLASS   CONST          

        CLASS   SMALLCONST     
                smallconst                          F00      F00       22         0

        CLASS   MEDIUMCONST    

        CLASS   COMRAM         
                cstackCOMRAM                          1        1       2B         1
                bssCOMRAM                            2C       2C       25         1
                nvCOMRAM                             51       51        6         1

        CLASS   ABS1           

        CLASS   BIGRAM         

        CLASS   RAM            

        CLASS   BANK0          

        CLASS   BANK1          

        CLASS   BANK2          

        CLASS   BANK3          

        CLASS   BANK4          

        CLASS   BANK5          

        CLASS   BANK6          

        CLASS   BANK7          

        CLASS   BANK8          

        CLASS   BANK9          

        CLASS   BANK10         

        CLASS   BANK11         

        CLASS   BANK12         

        CLASS   BANK13         

        CLASS   BANK14         

        CLASS   SFR            

        CLASS   BIGSFR         

        CLASS   CONFIG         
                config                           300000   300000        E         4

        CLASS   IDLOC          
                idloc                            200000   200000        8         5

        CLASS   EEDATA         

        CLASS   FARRAM         

        CLASS   HEAP           

        CLASS   STACK          



SEGMENTS        Name                           Load    Length   Top    Selector   Space  Class

                reset_vec                      000000  000004  000004         0       0  CODE    
                cstackCOMRAM                   000001  000056  000057         1       1  COMRAM  
                smallconst                     000F00  000022  000F22       780       0  SMALLCON
                text0                          000F22  000830  001752       791       0  CODE    


UNUSED ADDRESS RANGES

        Name                Unused          Largest block    Delta
        BANK0            000060-0000FF               A0
        BANK1            000100-0001FF              100
        BANK10           000A00-000AFF              100
        BANK11           000B00-000BFF              100
        BANK12           000C00-000CFF              100
        BANK13           000D00-000DFF              100
        BANK14           000E00-000E40               41
        BANK2            000200-0002FF              100
        BANK3            000300-0003FF              100
        BANK4            000400-0004FF              100
        BANK5            000500-0005FF              100
        BANK6            000600-0006FF              100
        BANK7            000700-0007FF              100
        BANK8            000800-0008FF              100
        BANK9            000900-0009FF              100
        BIGRAM           000057-000E40              DEA
        BIGSFR           000E41-000FFF              1BF
        CODE             000004-000EFF              EFC
                         001752-007FFF             68AE
        COMRAM           000057-00005F                9
        CONST            000004-000EFF              EFC
                         001752-007FFF             68AE
        EEDATA           F00000-F003FF              400
        MEDIUMCONST      001752-007FFF             68AE
        RAM              000060-000E40              100
        SFR              000E41-000FFF               BF
        SMALLCONST       001752-007FFF              100

                                  Symbol Table

EUSART1_SetErrorHandler@interruptHandler        cstackCOMRAM 000001
EUSART1_SetFramingErrorHandler@interruptHandler cstackCOMRAM 000001
EUSART1_SetOverrunErrorHandler@interruptHandler cstackCOMRAM 000001
I2C_CallbackReturnReset@funPtr                  cstackCOMRAM 00000A
I2C_Close@returnValue                           cstackCOMRAM 000001
I2C_MasterOperation@read                        cstackCOMRAM 000010
I2C_MasterOperation@returnValue                 cstackCOMRAM 000011
I2C_MasterSendTxData@data                       cstackCOMRAM 000001
I2C_Open@address                                cstackCOMRAM 000001
I2C_Open@returnValue                            cstackCOMRAM 000002
I2C_SetBuffer@buffer                            cstackCOMRAM 000001
I2C_SetBuffer@bufferSize                        cstackCOMRAM 000003
I2C_SetCallback@cb                              cstackCOMRAM 000001
I2C_SetCallback@idx                             cstackCOMRAM 000005
I2C_SetCallback@ptr                             cstackCOMRAM 000003
I2C_SetDataCompleteCallback@cb                  cstackCOMRAM 000006
I2C_SetDataCompleteCallback@ptr                 cstackCOMRAM 000008
_ANCON0                                         (abs)        000F5D
_ANCON1                                         (abs)        000F5C
_BAUDCON1                                       (abs)        000FA7
_EUSART1_DefaultErrorHandler                    (abs)        000000
_EUSART1_DefaultFramingErrorHandler             (abs)        000000
_EUSART1_DefaultOverrunErrorHandler             (abs)        000000
_EUSART1_ErrorHandler                           nvCOMRAM     000051
_EUSART1_FramingErrorHandler                    nvCOMRAM     000055
_EUSART1_Initialize                             text4        001470
_EUSART1_OverrunErrorHandler                    nvCOMRAM     000053
_EUSART1_SetErrorHandler                        text7        0016B2
_EUSART1_SetFramingErrorHandler                 text6        0016A8
_EUSART1_SetOverrunErrorHandler                 text5        00169E
_I2C_CallbackReturnReset                        text37       001732
_I2C_CallbackReturnStop                         text38       001736
_I2C_Close                                      text50       00155E
_I2C_DO_ADDRESS_NACK                            text14       0012BE
_I2C_DO_IDLE                                    text28       0016D0
_I2C_DO_RCEN                                    text23       0016C6
_I2C_DO_RESET                                   text15       0016BC
_I2C_DO_RX                                      text24       001110
_I2C_DO_RX_ACK                                  text18       0016EA
_I2C_DO_RX_NACK_RESTART                         text16       0016DA
_I2C_DO_RX_NACK_STOP                            text17       0016E2
_I2C_DO_SEND_ADR_READ                           text27       001690
_I2C_DO_SEND_ADR_WRITE                          text26       001682
_I2C_DO_SEND_RESTART                            text20       0016FA
_I2C_DO_SEND_RESTART_READ                       text22       00170A
_I2C_DO_SEND_RESTART_WRITE                      text21       001702
_I2C_DO_SEND_STOP                               text19       0016F2
_I2C_DO_TX                                      text25       00104C
_I2C_DO_TX_EMPTY                                text29       001242
_I2C_MasterClearIrq                             text53       00174E
_I2C_MasterClose                                text52       00174A
_I2C_MasterDisableIrq                           text51       001746
_I2C_MasterEnableRestart                        text48       00173E
_I2C_MasterFsm                                  text13       00138E
_I2C_MasterGetRxData                            text34       00172A
_I2C_MasterIsNack                               text31       00163E
_I2C_MasterOpen                                 text9        0015B0
_I2C_MasterOperation                            text10       0013EC
_I2C_MasterSendAck                              text33       00171A
_I2C_MasterSendNack                             text35       001720
_I2C_MasterSendTxData                           text32       001712
_I2C_MasterSetIrq                               text30       001726
_I2C_MasterStart                                text49       001742
_I2C_MasterStartRx                              text36       00172E
_I2C_MasterStop                                 text47       00173A
_I2C_MasterWaitForEvent                         text12       001664
_I2C_Open                                       text8        0011B6
_I2C_Poller                                     text11       0015F4
_I2C_SetBuffer                                  text46       0015D2
_I2C_SetCallback                                text45       001328
_I2C_SetDataCompleteCallback                    text44       001610
_I2C_Status                                     bssCOMRAM    00002C
_INTCON2bits                                    (abs)        000FF1
_INTCONbits                                     (abs)        000FF2
_LATA                                           (abs)        000F89
_LATB                                           (abs)        000F8A
_LATC                                           (abs)        000F8B
_OSCCON                                         (abs)        000FD3
_OSCCON2                                        (abs)        000FD2
_OSCILLATOR_Initialize                          text3        001652
_OSCTUNE                                        (abs)        000F9B
_PIE1bits                                       (abs)        000F9D
_PIN_MANAGER_Initialize                         text2        001588
_PIR1bits                                       (abs)        000F9E
_PIR2bits                                       (abs)        000FA1
_RCREG1                                         (abs)        000FAE
_RCSTA1                                         (abs)        000FAB
_RCSTA1bits                                     (abs)        000FAB
_REFOCON                                        (abs)        000F9A
_SPBRG1                                         (abs)        000FAF
_SPBRGH1                                        (abs)        000F7D
_SSPADD                                         (abs)        000FC8
_SSPBUF                                         (abs)        000FC9
_SSPCON1                                        (abs)        000FC6
_SSPCON1bits                                    (abs)        000FC6
_SSPCON2                                        (abs)        000FC5
_SSPCON2bits                                    (abs)        000FC5
_SSPSTAT                                        (abs)        000FC7
_SSPSTATbits                                    (abs)        000FC7
_SYSTEM_Initialize                              text1        001674
_TRISA                                          (abs)        000F92
_TRISB                                          (abs)        000F93
_TRISC                                          (abs)        000F94
_TXREG1                                         (abs)        000FAD
_TXSTA1                                         (abs)        000FAC
_TXSTA1bits                                     (abs)        000FAC
_WPUB                                           (abs)        000F5B
__HRAM                                          (abs)        000000
__H__absolute__                                 __absolute__ 000000
__Habs1                                         abs1         000000
__Hbank0                                        bank0        000000
__Hbank1                                        bank1        000000
__Hbank10                                       bank10       000000
__Hbank11                                       bank11       000000
__Hbank12                                       bank12       000000
__Hbank13                                       bank13       000000
__Hbank14                                       bank14       000000
__Hbank2                                        bank2        000000
__Hbank3                                        bank3        000000
__Hbank4                                        bank4        000000
__Hbank5                                        bank5        000000
__Hbank6                                        bank6        000000
__Hbank7                                        bank7        000000
__Hbank8                                        bank8        000000
__Hbank9                                        bank9        000000
__Hbigbss                                       bigbss       000000
__Hbigdata                                      bigdata      000000
__Hbigram                                       bigram       000000
__Hbigsfr                                       bigsfr       000000
__Hbss                                          bss          000000
__HbssCOMRAM                                    bssCOMRAM    000000
__Hcinit                                        cinit        000000
__Hclrtext                                      clrtext      000000
__Hcomram                                       comram       000000
__Hconfig                                       config       30000E
__Hconst                                        const        000000
__HcstackCOMRAM                                 cstackCOMRAM 000000
__Hdata                                         data         000000
__Heeprom_data                                  eeprom_data  000000
__Hfarbss                                       farbss       000000
__Hfardata                                      fardata      000000
__Hheap                                         heap         000000
__Hibigdata                                     ibigdata     000000
__Hidata                                        idata        000000
__Hidloc                                        idloc        200008
__Hifardata                                     ifardata     000000
__Hinit                                         init         000004
__Hintcode                                      intcode      000000
__Hintcode_body                                 intcode_body 000000
__Hintcodelo                                    intcodelo    000000
__Hintentry                                     intentry     000000
__Hintret                                       intret       000000
__Hintsave_regs                                 intsave_regs 000000
__Hirdata                                       irdata       000000
__Hmediumconst                                  mediumconst  000000
__HnvCOMRAM                                     nvCOMRAM     000000
__HnvFARRAM                                     nvFARRAM     000000
__Hnvbit                                        nvbit        000000
__Hnvrram                                       nvrram       000000
__Hparam                                        rparam       000000
__Hpowerup                                      powerup      000000
__Hram                                          ram          000000
__Hramtop                                       ramtop       000F00
__Hrbit                                         rbit         000000
__Hrbss                                         rbss         000000
__Hrdata                                        rdata        000000
__Hreset_vec                                    reset_vec    000000
__Hrparam                                       rparam       000000
__Hsfr                                          sfr          000000
__Hsmallconst                                   smallconst   000F22
__Hspace_0                                      (abs)        001752
__Hspace_1                                      (abs)        000057
__Hspace_2                                      (abs)        000000
__Hspace_4                                      (abs)        60000E
__Hstack                                        stack        000000
__Hstruct                                       struct       000000
__Htemp                                         temp         000000
__Htext                                         text         000000
__Htext0                                        text0        000000
__Htext1                                        text1        000000
__Htext10                                       text10       000000
__Htext11                                       text11       000000
__Htext12                                       text12       000000
__Htext13                                       text13       000000
__Htext14                                       text14       000000
__Htext15                                       text15       000000
__Htext16                                       text16       000000
__Htext17                                       text17       000000
__Htext18                                       text18       000000
__Htext19                                       text19       000000
__Htext2                                        text2        000000
__Htext20                                       text20       000000
__Htext21                                       text21       000000
__Htext22                                       text22       000000
__Htext23                                       text23       000000
__Htext24                                       text24       000000
__Htext25                                       text25       000000
__Htext26                                       text26       000000
__Htext27                                       text27       000000
__Htext28                                       text28       000000
__Htext29                                       text29       000000
__Htext3                                        text3        000000
__Htext30                                       text30       000000
__Htext31                                       text31       000000
__Htext32                                       text32       000000
__Htext33                                       text33       000000
__Htext34                                       text34       000000
__Htext35                                       text35       000000
__Htext36                                       text36       000000
__Htext37                                       text37       000000
__Htext38                                       text38       000000
__Htext39                                       text39       000000
__Htext4                                        text4        000000
__Htext40                                       text40       000000
__Htext41                                       text41       000000
__Htext42                                       text42       000000
__Htext43                                       text43       000000
__Htext44                                       text44       000000
__Htext45                                       text45       000000
__Htext46                                       text46       000000
__Htext47                                       text47       000000
__Htext48                                       text48       000000
__Htext49                                       text49       000000
__Htext5                                        text5        000000
__Htext50                                       text50       000000
__Htext51                                       text51       000000
__Htext52                                       text52       000000
__Htext53                                       text53       000000
__Htext54                                       text54       000000
__Htext6                                        text6        000000
__Htext7                                        text7        000000
__Htext8                                        text8        000000
__Htext9                                        text9        000000
__LRAM                                          (abs)        000001
__L__absolute__                                 __absolute__ 000000
__Labs1                                         abs1         000000
__Lbank0                                        bank0        000000
__Lbank1                                        bank1        000000
__Lbank10                                       bank10       000000
__Lbank11                                       bank11       000000
__Lbank12                                       bank12       000000
__Lbank13                                       bank13       000000
__Lbank14                                       bank14       000000
__Lbank2                                        bank2        000000
__Lbank3                                        bank3        000000
__Lbank4                                        bank4        000000
__Lbank5                                        bank5        000000
__Lbank6                                        bank6        000000
__Lbank7                                        bank7        000000
__Lbank8                                        bank8        000000
__Lbank9                                        bank9        000000
__Lbigbss                                       bigbss       000000
__Lbigdata                                      bigdata      000000
__Lbigram                                       bigram       000000
__Lbigsfr                                       bigsfr       000000
__Lbss                                          bss          000000
__LbssCOMRAM                                    bssCOMRAM    000000
__Lcinit                                        cinit        000000
__Lclrtext                                      clrtext      000000
__Lcomram                                       comram       000000
__Lconfig                                       config       000000
__Lconst                                        const        000000
__LcstackCOMRAM                                 cstackCOMRAM 000000
__Ldata                                         data         000000
__Leeprom_data                                  eeprom_data  000000
__Lfarbss                                       farbss       000000
__Lfardata                                      fardata      000000
__Lheap                                         heap         000000
__Libigdata                                     ibigdata     000000
__Lidata                                        idata        000000
__Lidloc                                        idloc        000000
__Lifardata                                     ifardata     000000
__Linit                                         init         000000
__Lintcode                                      intcode      000000
__Lintcode_body                                 intcode_body 000000
__Lintcodelo                                    intcodelo    000000
__Lintentry                                     intentry     000000
__Lintret                                       intret       000000
__Lintsave_regs                                 intsave_regs 000000
__Lirdata                                       irdata       000000
__Lmediumconst                                  mediumconst  000000
__LnvCOMRAM                                     nvCOMRAM     000000
__LnvFARRAM                                     nvFARRAM     000000
__Lnvbit                                        nvbit        000000
__Lnvrram                                       nvrram       000000
__Lparam                                        rparam       000000
__Lpowerup                                      powerup      000000
__Lram                                          ram          000000
__Lramtop                                       ramtop       000F00
__Lrbit                                         rbit         000000
__Lrbss                                         rbss         000000
__Lrdata                                        rdata        000000
__Lreset_vec                                    reset_vec    000000
__Lrparam                                       rparam       000000
__Lsfr                                          sfr          000000
__Lsmallconst                                   smallconst   000F00
__Lspace_0                                      (abs)        000000
__Lspace_1                                      (abs)        000000
__Lspace_2                                      (abs)        000000
__Lspace_4                                      (abs)        000000
__Lstack                                        stack        000000
__Lstruct                                       struct       000000
__Ltemp                                         temp         000000
__Ltext                                         text         000000
__Ltext0                                        text0        000000
__Ltext1                                        text1        000000
__Ltext10                                       text10       000000
__Ltext11                                       text11       000000
__Ltext12                                       text12       000000
__Ltext13                                       text13       000000
__Ltext14                                       text14       000000
__Ltext15                                       text15       000000
__Ltext16                                       text16       000000
__Ltext17                                       text17       000000
__Ltext18                                       text18       000000
__Ltext19                                       text19       000000
__Ltext2                                        text2        000000
__Ltext20                                       text20       000000
__Ltext21                                       text21       000000
__Ltext22                                       text22       000000
__Ltext23                                       text23       000000
__Ltext24                                       text24       000000
__Ltext25                                       text25       000000
__Ltext26                                       text26       000000
__Ltext27                                       text27       000000
__Ltext28                                       text28       000000
__Ltext29                                       text29       000000
__Ltext3                                        text3        000000
__Ltext30                                       text30       000000
__Ltext31                                       text31       000000
__Ltext32                                       text32       000000
__Ltext33                                       text33       000000
__Ltext34                                       text34       000000
__Ltext35                                       text35       000000
__Ltext36                                       text36       000000
__Ltext37                                       text37       000000
__Ltext38                                       text38       000000
__Ltext39                                       text39       000000
__Ltext4                                        text4        000000
__Ltext40                                       text40       000000
__Ltext41                                       text41       000000
__Ltext42                                       text42       000000
__Ltext43                                       text43       000000
__Ltext44                                       text44       000000
__Ltext45                                       text45       000000
__Ltext46                                       text46       000000
__Ltext47                                       text47       000000
__Ltext48                                       text48       000000
__Ltext49                                       text49       000000
__Ltext5                                        text5        000000
__Ltext50                                       text50       000000
__Ltext51                                       text51       000000
__Ltext52                                       text52       000000
__Ltext53                                       text53       000000
__Ltext54                                       text54       000000
__Ltext6                                        text6        000000
__Ltext7                                        text7        000000
__Ltext8                                        text8        000000
__Ltext9                                        text9        000000
__S0                                            (abs)        001752
__S1                                            (abs)        000057
__S4                                            (abs)        000000
__S5                                            (abs)        000000
___heap_hi                                      (abs)        000000
___heap_lo                                      (abs)        000000
___inthi_sp                                     stack        000000
___inthi_stack_hi                               stack        000000
___inthi_stack_lo                               stack        000000
___intlo_sp                                     stack        000000
___intlo_stack_hi                               stack        000000
___intlo_stack_lo                               stack        000000
___param_bank                                   (abs)        000000
___rparam_used                                  (abs)        000001
___sp                                           stack        000000
___stack_hi                                     stack        000000
___stack_lo                                     stack        000000
__accesstop                                     (abs)        000060
__activetblptr                                  (abs)        000002
__end_of_EUSART1_Initialize                     text4        0014AE
__end_of_EUSART1_SetErrorHandler                text7        0016BC
__end_of_EUSART1_SetFramingErrorHandler         text6        0016B2
__end_of_EUSART1_SetOverrunErrorHandler         text5        0016A8
__end_of_I2C_CallbackReturnReset                text37       001736
__end_of_I2C_CallbackReturnStop                 text38       00173A
__end_of_I2C_Close                              text50       001588
__end_of_I2C_DO_ADDRESS_NACK                    text14       001328
__end_of_I2C_DO_IDLE                            text28       0016DA
__end_of_I2C_DO_RCEN                            text23       0016D0
__end_of_I2C_DO_RESET                           text15       0016C6
__end_of_I2C_DO_RX                              text24       0011B6
__end_of_I2C_DO_RX_ACK                          text18       0016F2
__end_of_I2C_DO_RX_NACK_RESTART                 text16       0016E2
__end_of_I2C_DO_RX_NACK_STOP                    text17       0016EA
__end_of_I2C_DO_SEND_ADR_READ                   text27       00169E
__end_of_I2C_DO_SEND_ADR_WRITE                  text26       001690
__end_of_I2C_DO_SEND_RESTART                    text20       001702
__end_of_I2C_DO_SEND_RESTART_READ               text22       001712
__end_of_I2C_DO_SEND_RESTART_WRITE              text21       00170A
__end_of_I2C_DO_SEND_STOP                       text19       0016FA
__end_of_I2C_DO_TX                              text25       001110
__end_of_I2C_DO_TX_EMPTY                        text29       0012BE
__end_of_I2C_MasterClearIrq                     text53       001752
__end_of_I2C_MasterClose                        text52       00174E
__end_of_I2C_MasterDisableIrq                   text51       00174A
__end_of_I2C_MasterEnableRestart                text48       001742
__end_of_I2C_MasterFsm                          text13       0013EC
__end_of_I2C_MasterGetRxData                    text34       00172E
__end_of_I2C_MasterIsNack                       text31       001652
__end_of_I2C_MasterOpen                         text9        0015D2
__end_of_I2C_MasterOperation                    text10       00142E
__end_of_I2C_MasterSendAck                      text33       001720
__end_of_I2C_MasterSendNack                     text35       001726
__end_of_I2C_MasterSendTxData                   text32       00171A
__end_of_I2C_MasterSetIrq                       text30       00172A
__end_of_I2C_MasterStart                        text49       001746
__end_of_I2C_MasterStartRx                      text36       001732
__end_of_I2C_MasterStop                         text47       00173E
__end_of_I2C_MasterWaitForEvent                 text12       001674
__end_of_I2C_Open                               text8        001242
__end_of_I2C_Poller                             text11       001610
__end_of_I2C_SetBuffer                          text46       0015F4
__end_of_I2C_SetCallback                        text45       00138E
__end_of_I2C_SetDataCompleteCallback            text44       001628
__end_of_OSCILLATOR_Initialize                  text3        001664
__end_of_PIN_MANAGER_Initialize                 text2        0015B0
__end_of_SYSTEM_Initialize                      text1        001682
__end_of__initialization                        cinit        001634
__end_of_i2c_fsmStateTable                      smallconst   000F21
__end_of_main                                   text0        00104C
__end_of_rd1RegCompleteHandler                  text42       001532
__end_of_rd2RegCompleteHandler                  text41       001506
__end_of_rdBlkRegCompleteHandler                text39       001470
__end_of_wr1RegCompleteHandler                  text40       0014DA
__end_of_wr2RegCompleteHandler                  text43       00155E
__initialization                                cinit        001628
__mediumconst                                   mediumconst  000000
__pbssCOMRAM                                    bssCOMRAM    00002C
__pcinit                                        cinit        001628
__pcstackCOMRAM                                 cstackCOMRAM 000001
__pnvCOMRAM                                     nvCOMRAM     000051
__psmallconst                                   smallconst   000F00
__ptext0                                        text0        000F22
__ptext1                                        text1        001674
__ptext10                                       text10       0013EC
__ptext11                                       text11       0015F4
__ptext12                                       text12       001664
__ptext13                                       text13       00138E
__ptext14                                       text14       0012BE
__ptext15                                       text15       0016BC
__ptext16                                       text16       0016DA
__ptext17                                       text17       0016E2
__ptext18                                       text18       0016EA
__ptext19                                       text19       0016F2
__ptext2                                        text2        001588
__ptext20                                       text20       0016FA
__ptext21                                       text21       001702
__ptext22                                       text22       00170A
__ptext23                                       text23       0016C6
__ptext24                                       text24       001110
__ptext25                                       text25       00104C
__ptext26                                       text26       001682
__ptext27                                       text27       001690
__ptext28                                       text28       0016D0
__ptext29                                       text29       001242
__ptext3                                        text3        001652
__ptext30                                       text30       001726
__ptext31                                       text31       00163E
__ptext32                                       text32       001712
__ptext33                                       text33       00171A
__ptext34                                       text34       00172A
__ptext35                                       text35       001720
__ptext36                                       text36       00172E
__ptext37                                       text37       001732
__ptext38                                       text38       001736
__ptext39                                       text39       00142E
__ptext4                                        text4        001470
__ptext40                                       text40       0014AE
__ptext41                                       text41       0014DA
__ptext42                                       text42       001506
__ptext43                                       text43       001532
__ptext44                                       text44       001610
__ptext45                                       text45       001328
__ptext46                                       text46       0015D2
__ptext47                                       text47       00173A
__ptext48                                       text48       00173E
__ptext49                                       text49       001742
__ptext5                                        text5        00169E
__ptext50                                       text50       00155E
__ptext51                                       text51       001746
__ptext52                                       text52       00174A
__ptext53                                       text53       00174E
__ptext54                                       text54       000000
__ptext6                                        text6        0016A8
__ptext7                                        text7        0016B2
__ptext8                                        text8        0011B6
__ptext9                                        text9        0015B0
__ramtop                                        ramtop       000F00
__smallconst                                    smallconst   000F00
_eusart1RxLastError                             bssCOMRAM    000050
_i2c_fsmStateTable                              smallconst   000F01
_main                                           text0        000F22
_rd1RegCompleteHandler                          text42       001506
_rd2RegCompleteHandler                          text41       0014DA
_rdBlkRegCompleteHandler                        text39       00142E
_wr1RegCompleteHandler                          text40       0014AE
_wr2RegCompleteHandler                          text43       001532
end_of_initialization                           cinit        001634
intlevel0                                       text         000000
intlevel1                                       text         000000
intlevel2                                       text         000000
intlevel3                                       text         000000
isa$std                                         (abs)        000001
isa$xinst                                       (abs)        000000
main@addr                                       cstackCOMRAM 000028
main@message                                    cstackCOMRAM 000014
main@read                                       cstackCOMRAM 00002B
rd1RegCompleteHandler@ptr                       cstackCOMRAM 00000A
rd2RegCompleteHandler@ptr                       cstackCOMRAM 00000A
rdBlkRegCompleteHandler@ptr                     cstackCOMRAM 00000A
stackhi                                         (abs)        000000
stacklo                                         (abs)        000000
start                                           init         000000
start_initialization                            cinit        001628
wr1RegCompleteHandler@ptr                       cstackCOMRAM 00000A
wr2RegCompleteHandler@ptr                       cstackCOMRAM 00000A


MODULE INFORMATION

Module		Function		Class		Link	Load	Size
mcc_generated_files/examples/i2c_master_example.c
		_wr1RegCompleteHandler		CODE           	14AE	0000	44
		_wr2RegCompleteHandler		CODE           	1532	0000	44
		_rdBlkRegCompleteHandler		CODE           	142E	0000	66
		_rd1RegCompleteHandler		CODE           	1506	0000	44
		_rd2RegCompleteHandler		CODE           	14DA	0000	44

mcc_generated_files/examples/i2c_master_example.c estimated size: 242

mcc_generated_files/pin_manager.c
		_PIN_MANAGER_Initialize		CODE           	1588	0000	40

mcc_generated_files/pin_manager.c estimated size: 40

shared
		__initialization		CODE           	1628	0000	12
		_i2c_fsmStateTable		SMALLCONST     	0F01	0000	32

shared estimated size: 44

mcc_generated_files/eusart1.c
		_EUSART1_Initialize		CODE           	1470	0000	62
		_EUSART1_SetFramingErrorHandler		CODE           	16A8	0000	10
		_EUSART1_SetOverrunErrorHandler		CODE           	169E	0000	10
		_EUSART1_SetErrorHandler		CODE           	16B2	0000	10

mcc_generated_files/eusart1.c estimated size: 92

mcc_generated_files/mcc.c
		_OSCILLATOR_Initialize		CODE           	1652	0000	18
		_SYSTEM_Initialize		CODE           	1674	0000	14

mcc_generated_files/mcc.c estimated size: 32

mcc_generated_files/i2c_master.c
		_I2C_Close     		CODE           	155E	0000	42
		_I2C_MasterStartRx		CODE           	172E	0000	4
		_I2C_DO_SEND_ADR_WRITE		CODE           	1682	0000	14
		_I2C_MasterWaitForEvent		CODE           	1664	0000	16
		_I2C_DO_SEND_STOP		CODE           	16F2	0000	8
		_I2C_MasterSendNack		CODE           	1720	0000	6
		_I2C_MasterDisableIrq		CODE           	1746	0000	4
		_I2C_CallbackReturnStop		CODE           	1736	0000	4
		_I2C_MasterOperation		CODE           	13EC	0000	66
		_I2C_DO_SEND_ADR_READ		CODE           	1690	0000	14
		_I2C_DO_RX_NACK_STOP		CODE           	16E2	0000	8
		_I2C_DO_SEND_RESTART		CODE           	16FA	0000	8
		_I2C_DO_RX     		CODE           	1110	0000	166
		_I2C_DO_TX     		CODE           	104C	0000	196
		_I2C_DO_IDLE   		CODE           	16D0	0000	10
		_I2C_DO_RCEN   		CODE           	16C6	0000	10
		_I2C_Poller    		CODE           	15F4	0000	28
		_I2C_DO_RESET  		CODE           	16BC	0000	10
		_I2C_MasterClose		CODE           	174A	0000	4
		_I2C_DO_RX_ACK 		CODE           	16EA	0000	8
		_I2C_MasterStart		CODE           	1742	0000	4
		_I2C_MasterClearIrq		CODE           	174E	0000	4
		_I2C_MasterGetRxData		CODE           	172A	0000	4
		_I2C_SetCallback		CODE           	1328	0000	102
		_I2C_DO_ADDRESS_NACK		CODE           	12BE	0000	106
		_I2C_MasterEnableRestart		CODE           	173E	0000	4
		_I2C_CallbackReturnReset		CODE           	1732	0000	4
		_I2C_Open      		CODE           	11B6	0000	140
		_I2C_DO_TX_EMPTY		CODE           	1242	0000	124
		_I2C_DO_SEND_RESTART_WRITE		CODE           	1702	0000	8
		_I2C_MasterIsNack		CODE           	163E	0000	20
		_I2C_SetDataCompleteCallback		CODE           	1610	0000	24
		_I2C_DO_RX_NACK_RESTART		CODE           	16DA	0000	8
		_I2C_MasterSendAck		CODE           	171A	0000	6
		_I2C_MasterFsm 		CODE           	138E	0000	94
		_I2C_MasterSetIrq		CODE           	1726	0000	4
		_I2C_DO_SEND_RESTART_READ		CODE           	170A	0000	8
		_I2C_SetBuffer 		CODE           	15D2	0000	34
		_I2C_MasterOpen		CODE           	15B0	0000	34
		_I2C_MasterSendTxData		CODE           	1712	0000	8
		_I2C_MasterStop		CODE           	173A	0000	4

mcc_generated_files/i2c_master.c estimated size: 1370

main.c
		_main          		CODE           	0F22	0000	298

main.c estimated size: 298

